// Jest Snapshot v1, https://goo.gl/fbAQLP

exports[`it should match snapshot 1`] = `
<div
  class="h-full flex flex-col py-4 touch-manipulation"
>
  <div
    class="flex-grow mb-4 w-full max-w-sm mx-auto"
  >
    <div
      class="h-full grid auto-rows-fr gap-1"
    >
      <div
        class="grid grid-cols-5 gap-1"
      >
        <span
          class="inline-flex items-center border justify-center rounded w-full h-full p-2 bg-white border-violet-200 text-slate-600"
        />
        <span
          class="inline-flex items-center border justify-center rounded w-full h-full p-2 bg-white border-violet-200 text-slate-600"
        />
        <span
          class="inline-flex items-center border justify-center rounded w-full h-full p-2 bg-white border-violet-200 text-slate-600"
        />
        <span
          class="inline-flex items-center border justify-center rounded w-full h-full p-2 bg-white border-violet-200 text-slate-600"
        />
        <span
          class="inline-flex items-center border justify-center rounded w-full h-full p-2 bg-white border-violet-200 text-slate-600"
        />
      </div>
      <div
        class="grid grid-cols-5 gap-1"
      >
        <span
          class="inline-flex items-center border justify-center rounded w-full h-full p-2 bg-white border-violet-200 text-slate-600"
        />
        <span
          class="inline-flex items-center border justify-center rounded w-full h-full p-2 bg-white border-violet-200 text-slate-600"
        />
        <span
          class="inline-flex items-center border justify-center rounded w-full h-full p-2 bg-white border-violet-200 text-slate-600"
        />
        <span
          class="inline-flex items-center border justify-center rounded w-full h-full p-2 bg-white border-violet-200 text-slate-600"
        />
        <span
          class="inline-flex items-center border justify-center rounded w-full h-full p-2 bg-white border-violet-200 text-slate-600"
        />
      </div>
      <div
        class="grid grid-cols-5 gap-1"
      >
        <span
          class="inline-flex items-center border justify-center rounded w-full h-full p-2 bg-white border-violet-200 text-slate-600"
        />
        <span
          class="inline-flex items-center border justify-center rounded w-full h-full p-2 bg-white border-violet-200 text-slate-600"
        />
        <span
          class="inline-flex items-center border justify-center rounded w-full h-full p-2 bg-white border-violet-200 text-slate-600"
        />
        <span
          class="inline-flex items-center border justify-center rounded w-full h-full p-2 bg-white border-violet-200 text-slate-600"
        />
        <span
          class="inline-flex items-center border justify-center rounded w-full h-full p-2 bg-white border-violet-200 text-slate-600"
        />
      </div>
      <div
        class="grid grid-cols-5 gap-1"
      >
        <span
          class="inline-flex items-center border justify-center rounded w-full h-full p-2 bg-white border-violet-200 text-slate-600"
        />
        <span
          class="inline-flex items-center border justify-center rounded w-full h-full p-2 bg-white border-violet-200 text-slate-600"
        />
        <span
          class="inline-flex items-center border justify-center rounded w-full h-full p-2 bg-white border-violet-200 text-slate-600"
        />
        <span
          class="inline-flex items-center border justify-center rounded w-full h-full p-2 bg-white border-violet-200 text-slate-600"
        />
        <span
          class="inline-flex items-center border justify-center rounded w-full h-full p-2 bg-white border-violet-200 text-slate-600"
        />
      </div>
      <div
        class="grid grid-cols-5 gap-1"
      >
        <span
          class="inline-flex items-center border justify-center rounded w-full h-full p-2 bg-white border-violet-200 text-slate-600"
        />
        <span
          class="inline-flex items-center border justify-center rounded w-full h-full p-2 bg-white border-violet-200 text-slate-600"
        />
        <span
          class="inline-flex items-center border justify-center rounded w-full h-full p-2 bg-white border-violet-200 text-slate-600"
        />
        <span
          class="inline-flex items-center border justify-center rounded w-full h-full p-2 bg-white border-violet-200 text-slate-600"
        />
        <span
          class="inline-flex items-center border justify-center rounded w-full h-full p-2 bg-white border-violet-200 text-slate-600"
        />
      </div>
      <div
        class="grid grid-cols-5 gap-1"
      >
        <span
          class="inline-flex items-center border justify-center rounded w-full h-full p-2 bg-white border-violet-200 text-slate-600"
        />
        <span
          class="inline-flex items-center border justify-center rounded w-full h-full p-2 bg-white border-violet-200 text-slate-600"
        />
        <span
          class="inline-flex items-center border justify-center rounded w-full h-full p-2 bg-white border-violet-200 text-slate-600"
        />
        <span
          class="inline-flex items-center border justify-center rounded w-full h-full p-2 bg-white border-violet-200 text-slate-600"
        />
        <span
          class="inline-flex items-center border justify-center rounded w-full h-full p-2 bg-white border-violet-200 text-slate-600"
        />
      </div>
    </div>
  </div>
  <div
    class="flex-grow-0"
  >
    <div
      class="flex flex-col gap-1"
    >
      <div
        class="flex justify-center -mx-0.5"
      >
        <button
          class="inline-flex justify-center items-center px-1 py-3 border shadow-sm rounded tracking-tight uppercase font-medium text-sm text-center active:shadow-inner flex-grow flex-shrink basis-0 mx-0.5 bg-white border-violet-200 text-slate-600"
          data-testid="key-q"
        >
          q
        </button>
        <button
          class="inline-flex justify-center items-center px-1 py-3 border shadow-sm rounded tracking-tight uppercase font-medium text-sm text-center active:shadow-inner flex-grow flex-shrink basis-0 mx-0.5 bg-white border-violet-200 text-slate-600"
          data-testid="key-w"
        >
          w
        </button>
        <button
          class="inline-flex justify-center items-center px-1 py-3 border shadow-sm rounded tracking-tight uppercase font-medium text-sm text-center active:shadow-inner flex-grow flex-shrink basis-0 mx-0.5 bg-white border-violet-200 text-slate-600"
          data-testid="key-e"
        >
          e
        </button>
        <button
          class="inline-flex justify-center items-center px-1 py-3 border shadow-sm rounded tracking-tight uppercase font-medium text-sm text-center active:shadow-inner flex-grow flex-shrink basis-0 mx-0.5 bg-white border-violet-200 text-slate-600"
          data-testid="key-r"
        >
          r
        </button>
        <button
          class="inline-flex justify-center items-center px-1 py-3 border shadow-sm rounded tracking-tight uppercase font-medium text-sm text-center active:shadow-inner flex-grow flex-shrink basis-0 mx-0.5 bg-white border-violet-200 text-slate-600"
          data-testid="key-t"
        >
          t
        </button>
        <button
          class="inline-flex justify-center items-center px-1 py-3 border shadow-sm rounded tracking-tight uppercase font-medium text-sm text-center active:shadow-inner flex-grow flex-shrink basis-0 mx-0.5 bg-white border-violet-200 text-slate-600"
          data-testid="key-y"
        >
          y
        </button>
        <button
          class="inline-flex justify-center items-center px-1 py-3 border shadow-sm rounded tracking-tight uppercase font-medium text-sm text-center active:shadow-inner flex-grow flex-shrink basis-0 mx-0.5 bg-white border-violet-200 text-slate-600"
          data-testid="key-u"
        >
          u
        </button>
        <button
          class="inline-flex justify-center items-center px-1 py-3 border shadow-sm rounded tracking-tight uppercase font-medium text-sm text-center active:shadow-inner flex-grow flex-shrink basis-0 mx-0.5 bg-white border-violet-200 text-slate-600"
          data-testid="key-i"
        >
          i
        </button>
        <button
          class="inline-flex justify-center items-center px-1 py-3 border shadow-sm rounded tracking-tight uppercase font-medium text-sm text-center active:shadow-inner flex-grow flex-shrink basis-0 mx-0.5 bg-white border-violet-200 text-slate-600"
          data-testid="key-o"
        >
          o
        </button>
        <button
          class="inline-flex justify-center items-center px-1 py-3 border shadow-sm rounded tracking-tight uppercase font-medium text-sm text-center active:shadow-inner flex-grow flex-shrink basis-0 mx-0.5 bg-white border-violet-200 text-slate-600"
          data-testid="key-p"
        >
          p
        </button>
      </div>
      <div
        class="flex justify-center -mx-0.5"
      >
        <span
          class="flex-grow-0.5 flex-shrink basis-0"
        />
        <button
          class="inline-flex justify-center items-center px-1 py-3 border shadow-sm rounded tracking-tight uppercase font-medium text-sm text-center active:shadow-inner flex-grow flex-shrink basis-0 mx-0.5 bg-white border-violet-200 text-slate-600"
          data-testid="key-a"
        >
          a
        </button>
        <button
          class="inline-flex justify-center items-center px-1 py-3 border shadow-sm rounded tracking-tight uppercase font-medium text-sm text-center active:shadow-inner flex-grow flex-shrink basis-0 mx-0.5 bg-white border-violet-200 text-slate-600"
          data-testid="key-s"
        >
          s
        </button>
        <button
          class="inline-flex justify-center items-center px-1 py-3 border shadow-sm rounded tracking-tight uppercase font-medium text-sm text-center active:shadow-inner flex-grow flex-shrink basis-0 mx-0.5 bg-white border-violet-200 text-slate-600"
          data-testid="key-d"
        >
          d
        </button>
        <button
          class="inline-flex justify-center items-center px-1 py-3 border shadow-sm rounded tracking-tight uppercase font-medium text-sm text-center active:shadow-inner flex-grow flex-shrink basis-0 mx-0.5 bg-white border-violet-200 text-slate-600"
          data-testid="key-f"
        >
          f
        </button>
        <button
          class="inline-flex justify-center items-center px-1 py-3 border shadow-sm rounded tracking-tight uppercase font-medium text-sm text-center active:shadow-inner flex-grow flex-shrink basis-0 mx-0.5 bg-white border-violet-200 text-slate-600"
          data-testid="key-g"
        >
          g
        </button>
        <button
          class="inline-flex justify-center items-center px-1 py-3 border shadow-sm rounded tracking-tight uppercase font-medium text-sm text-center active:shadow-inner flex-grow flex-shrink basis-0 mx-0.5 bg-white border-violet-200 text-slate-600"
          data-testid="key-h"
        >
          h
        </button>
        <button
          class="inline-flex justify-center items-center px-1 py-3 border shadow-sm rounded tracking-tight uppercase font-medium text-sm text-center active:shadow-inner flex-grow flex-shrink basis-0 mx-0.5 bg-white border-violet-200 text-slate-600"
          data-testid="key-j"
        >
          j
        </button>
        <button
          class="inline-flex justify-center items-center px-1 py-3 border shadow-sm rounded tracking-tight uppercase font-medium text-sm text-center active:shadow-inner flex-grow flex-shrink basis-0 mx-0.5 bg-white border-violet-200 text-slate-600"
          data-testid="key-k"
        >
          k
        </button>
        <button
          class="inline-flex justify-center items-center px-1 py-3 border shadow-sm rounded tracking-tight uppercase font-medium text-sm text-center active:shadow-inner flex-grow flex-shrink basis-0 mx-0.5 bg-white border-violet-200 text-slate-600"
          data-testid="key-l"
        >
          l
        </button>
        <span
          class="flex-grow-0.5 flex-shrink basis-0"
        />
      </div>
      <div
        class="flex justify-center -mx-0.5"
      >
        <button
          class="inline-flex justify-center items-center px-1 py-3 border shadow-sm rounded tracking-tight uppercase font-medium text-sm text-center active:shadow-inner flex-grow-1.5 flex-shrink basis-0 mx-0.5 bg-white border-violet-200 text-slate-600"
          data-testid="key-enter"
        >
          <span
            class="text-xs"
          >
            Enter
          </span>
          <span
            class="sr-only"
          >
            Enter
          </span>
        </button>
        <button
          class="inline-flex justify-center items-center px-1 py-3 border shadow-sm rounded tracking-tight uppercase font-medium text-sm text-center active:shadow-inner flex-grow flex-shrink basis-0 mx-0.5 bg-white border-violet-200 text-slate-600"
          data-testid="key-z"
        >
          z
        </button>
        <button
          class="inline-flex justify-center items-center px-1 py-3 border shadow-sm rounded tracking-tight uppercase font-medium text-sm text-center active:shadow-inner flex-grow flex-shrink basis-0 mx-0.5 bg-white border-violet-200 text-slate-600"
          data-testid="key-x"
        >
          x
        </button>
        <button
          class="inline-flex justify-center items-center px-1 py-3 border shadow-sm rounded tracking-tight uppercase font-medium text-sm text-center active:shadow-inner flex-grow flex-shrink basis-0 mx-0.5 bg-white border-violet-200 text-slate-600"
          data-testid="key-c"
        >
          c
        </button>
        <button
          class="inline-flex justify-center items-center px-1 py-3 border shadow-sm rounded tracking-tight uppercase font-medium text-sm text-center active:shadow-inner flex-grow flex-shrink basis-0 mx-0.5 bg-white border-violet-200 text-slate-600"
          data-testid="key-v"
        >
          v
        </button>
        <button
          class="inline-flex justify-center items-center px-1 py-3 border shadow-sm rounded tracking-tight uppercase font-medium text-sm text-center active:shadow-inner flex-grow flex-shrink basis-0 mx-0.5 bg-white border-violet-200 text-slate-600"
          data-testid="key-b"
        >
          b
        </button>
        <button
          class="inline-flex justify-center items-center px-1 py-3 border shadow-sm rounded tracking-tight uppercase font-medium text-sm text-center active:shadow-inner flex-grow flex-shrink basis-0 mx-0.5 bg-white border-violet-200 text-slate-600"
          data-testid="key-n"
        >
          n
        </button>
        <button
          class="inline-flex justify-center items-center px-1 py-3 border shadow-sm rounded tracking-tight uppercase font-medium text-sm text-center active:shadow-inner flex-grow flex-shrink basis-0 mx-0.5 bg-white border-violet-200 text-slate-600"
          data-testid="key-m"
        >
          m
        </button>
        <button
          class="inline-flex justify-center items-center px-1 py-3 border shadow-sm rounded tracking-tight uppercase font-medium text-sm text-center active:shadow-inner flex-grow-1.5 flex-shrink basis-0 mx-0.5 bg-white border-violet-200 text-slate-600"
          data-testid="key-delete"
        >
          <svg
            aria-hidden="true"
            class="w-5 h-5"
            fill="none"
            stroke="currentColor"
            stroke-width="2"
            viewBox="0 0 24 24"
            xmlns="http://www.w3.org/2000/svg"
          >
            <path
              d="M12 14l2-2m0 0l2-2m-2 2l-2-2m2 2l2 2M3 12l6.414 6.414a2 2 0 001.414.586H19a2 2 0 002-2V7a2 2 0 00-2-2h-8.172a2 2 0 00-1.414.586L3 12z"
              stroke-linecap="round"
              stroke-linejoin="round"
            />
          </svg>
          <span
            class="sr-only"
          >
            Delete
          </span>
        </button>
      </div>
    </div>
  </div>
</div>
`;
