// Jest Snapshot v1, https://goo.gl/fbAQLP

exports[`it should match snapshot 1`] = `
<div
  class="h-full flex flex-col py-4 touch-manipulation"
>
  <div
    class="flex-grow mb-4"
  >
    <div
      class="h-full grid auto-rows-fr gap-1"
    >
      <div
        class="grid grid-cols-5 gap-1"
      >
        <span
          class="inline-flex items-center justify-center rounded w-full h-full p-2 bg-slate-300 text-gray-700"
        />
        <span
          class="inline-flex items-center justify-center rounded w-full h-full p-2 bg-slate-300 text-gray-700"
        />
        <span
          class="inline-flex items-center justify-center rounded w-full h-full p-2 bg-slate-300 text-gray-700"
        />
        <span
          class="inline-flex items-center justify-center rounded w-full h-full p-2 bg-slate-300 text-gray-700"
        />
        <span
          class="inline-flex items-center justify-center rounded w-full h-full p-2 bg-slate-300 text-gray-700"
        />
      </div>
      <div
        class="grid grid-cols-5 gap-1"
      >
        <span
          class="inline-flex items-center justify-center rounded w-full h-full p-2 bg-slate-300 text-gray-700"
        />
        <span
          class="inline-flex items-center justify-center rounded w-full h-full p-2 bg-slate-300 text-gray-700"
        />
        <span
          class="inline-flex items-center justify-center rounded w-full h-full p-2 bg-slate-300 text-gray-700"
        />
        <span
          class="inline-flex items-center justify-center rounded w-full h-full p-2 bg-slate-300 text-gray-700"
        />
        <span
          class="inline-flex items-center justify-center rounded w-full h-full p-2 bg-slate-300 text-gray-700"
        />
      </div>
      <div
        class="grid grid-cols-5 gap-1"
      >
        <span
          class="inline-flex items-center justify-center rounded w-full h-full p-2 bg-slate-300 text-gray-700"
        />
        <span
          class="inline-flex items-center justify-center rounded w-full h-full p-2 bg-slate-300 text-gray-700"
        />
        <span
          class="inline-flex items-center justify-center rounded w-full h-full p-2 bg-slate-300 text-gray-700"
        />
        <span
          class="inline-flex items-center justify-center rounded w-full h-full p-2 bg-slate-300 text-gray-700"
        />
        <span
          class="inline-flex items-center justify-center rounded w-full h-full p-2 bg-slate-300 text-gray-700"
        />
      </div>
      <div
        class="grid grid-cols-5 gap-1"
      >
        <span
          class="inline-flex items-center justify-center rounded w-full h-full p-2 bg-slate-300 text-gray-700"
        />
        <span
          class="inline-flex items-center justify-center rounded w-full h-full p-2 bg-slate-300 text-gray-700"
        />
        <span
          class="inline-flex items-center justify-center rounded w-full h-full p-2 bg-slate-300 text-gray-700"
        />
        <span
          class="inline-flex items-center justify-center rounded w-full h-full p-2 bg-slate-300 text-gray-700"
        />
        <span
          class="inline-flex items-center justify-center rounded w-full h-full p-2 bg-slate-300 text-gray-700"
        />
      </div>
      <div
        class="grid grid-cols-5 gap-1"
      >
        <span
          class="inline-flex items-center justify-center rounded w-full h-full p-2 bg-slate-300 text-gray-700"
        />
        <span
          class="inline-flex items-center justify-center rounded w-full h-full p-2 bg-slate-300 text-gray-700"
        />
        <span
          class="inline-flex items-center justify-center rounded w-full h-full p-2 bg-slate-300 text-gray-700"
        />
        <span
          class="inline-flex items-center justify-center rounded w-full h-full p-2 bg-slate-300 text-gray-700"
        />
        <span
          class="inline-flex items-center justify-center rounded w-full h-full p-2 bg-slate-300 text-gray-700"
        />
      </div>
    </div>
  </div>
  <div
    class="flex-grow-0"
  >
    <div
      class="flex flex-col gap-1"
    >
      <div
        class="flex justify-center -mx-0.5"
      >
        <button
          class="inline-flex justify-center items-center p-2 border shadow-sm rounded font-medium text-sm text-center active:shadow-inner flex-grow flex-shrink basis-0 mx-0.5 bg-white border-violet-200 text-slate-600"
          data-testid="key-q"
        >
          <span
            class="uppercase"
          >
            q
          </span>
        </button>
        <button
          class="inline-flex justify-center items-center p-2 border shadow-sm rounded font-medium text-sm text-center active:shadow-inner flex-grow flex-shrink basis-0 mx-0.5 bg-white border-violet-200 text-slate-600"
          data-testid="key-w"
        >
          <span
            class="uppercase"
          >
            w
          </span>
        </button>
        <button
          class="inline-flex justify-center items-center p-2 border shadow-sm rounded font-medium text-sm text-center active:shadow-inner flex-grow flex-shrink basis-0 mx-0.5 bg-white border-violet-200 text-slate-600"
          data-testid="key-e"
        >
          <span
            class="uppercase"
          >
            e
          </span>
        </button>
        <button
          class="inline-flex justify-center items-center p-2 border shadow-sm rounded font-medium text-sm text-center active:shadow-inner flex-grow flex-shrink basis-0 mx-0.5 bg-white border-violet-200 text-slate-600"
          data-testid="key-r"
        >
          <span
            class="uppercase"
          >
            r
          </span>
        </button>
        <button
          class="inline-flex justify-center items-center p-2 border shadow-sm rounded font-medium text-sm text-center active:shadow-inner flex-grow flex-shrink basis-0 mx-0.5 bg-white border-violet-200 text-slate-600"
          data-testid="key-t"
        >
          <span
            class="uppercase"
          >
            t
          </span>
        </button>
        <button
          class="inline-flex justify-center items-center p-2 border shadow-sm rounded font-medium text-sm text-center active:shadow-inner flex-grow flex-shrink basis-0 mx-0.5 bg-white border-violet-200 text-slate-600"
          data-testid="key-y"
        >
          <span
            class="uppercase"
          >
            y
          </span>
        </button>
        <button
          class="inline-flex justify-center items-center p-2 border shadow-sm rounded font-medium text-sm text-center active:shadow-inner flex-grow flex-shrink basis-0 mx-0.5 bg-white border-violet-200 text-slate-600"
          data-testid="key-u"
        >
          <span
            class="uppercase"
          >
            u
          </span>
        </button>
        <button
          class="inline-flex justify-center items-center p-2 border shadow-sm rounded font-medium text-sm text-center active:shadow-inner flex-grow flex-shrink basis-0 mx-0.5 bg-white border-violet-200 text-slate-600"
          data-testid="key-i"
        >
          <span
            class="uppercase"
          >
            i
          </span>
        </button>
        <button
          class="inline-flex justify-center items-center p-2 border shadow-sm rounded font-medium text-sm text-center active:shadow-inner flex-grow flex-shrink basis-0 mx-0.5 bg-white border-violet-200 text-slate-600"
          data-testid="key-o"
        >
          <span
            class="uppercase"
          >
            o
          </span>
        </button>
        <button
          class="inline-flex justify-center items-center p-2 border shadow-sm rounded font-medium text-sm text-center active:shadow-inner flex-grow flex-shrink basis-0 mx-0.5 bg-white border-violet-200 text-slate-600"
          data-testid="key-p"
        >
          <span
            class="uppercase"
          >
            p
          </span>
        </button>
      </div>
      <div
        class="flex justify-center -mx-0.5"
      >
        <span
          class="flex-grow-0.5 flex-shrink basis-0"
        />
        <button
          class="inline-flex justify-center items-center p-2 border shadow-sm rounded font-medium text-sm text-center active:shadow-inner flex-grow flex-shrink basis-0 mx-0.5 bg-white border-violet-200 text-slate-600"
          data-testid="key-a"
        >
          <span
            class="uppercase"
          >
            a
          </span>
        </button>
        <button
          class="inline-flex justify-center items-center p-2 border shadow-sm rounded font-medium text-sm text-center active:shadow-inner flex-grow flex-shrink basis-0 mx-0.5 bg-white border-violet-200 text-slate-600"
          data-testid="key-s"
        >
          <span
            class="uppercase"
          >
            s
          </span>
        </button>
        <button
          class="inline-flex justify-center items-center p-2 border shadow-sm rounded font-medium text-sm text-center active:shadow-inner flex-grow flex-shrink basis-0 mx-0.5 bg-white border-violet-200 text-slate-600"
          data-testid="key-d"
        >
          <span
            class="uppercase"
          >
            d
          </span>
        </button>
        <button
          class="inline-flex justify-center items-center p-2 border shadow-sm rounded font-medium text-sm text-center active:shadow-inner flex-grow flex-shrink basis-0 mx-0.5 bg-white border-violet-200 text-slate-600"
          data-testid="key-f"
        >
          <span
            class="uppercase"
          >
            f
          </span>
        </button>
        <button
          class="inline-flex justify-center items-center p-2 border shadow-sm rounded font-medium text-sm text-center active:shadow-inner flex-grow flex-shrink basis-0 mx-0.5 bg-white border-violet-200 text-slate-600"
          data-testid="key-g"
        >
          <span
            class="uppercase"
          >
            g
          </span>
        </button>
        <button
          class="inline-flex justify-center items-center p-2 border shadow-sm rounded font-medium text-sm text-center active:shadow-inner flex-grow flex-shrink basis-0 mx-0.5 bg-white border-violet-200 text-slate-600"
          data-testid="key-h"
        >
          <span
            class="uppercase"
          >
            h
          </span>
        </button>
        <button
          class="inline-flex justify-center items-center p-2 border shadow-sm rounded font-medium text-sm text-center active:shadow-inner flex-grow flex-shrink basis-0 mx-0.5 bg-white border-violet-200 text-slate-600"
          data-testid="key-j"
        >
          <span
            class="uppercase"
          >
            j
          </span>
        </button>
        <button
          class="inline-flex justify-center items-center p-2 border shadow-sm rounded font-medium text-sm text-center active:shadow-inner flex-grow flex-shrink basis-0 mx-0.5 bg-white border-violet-200 text-slate-600"
          data-testid="key-k"
        >
          <span
            class="uppercase"
          >
            k
          </span>
        </button>
        <button
          class="inline-flex justify-center items-center p-2 border shadow-sm rounded font-medium text-sm text-center active:shadow-inner flex-grow flex-shrink basis-0 mx-0.5 bg-white border-violet-200 text-slate-600"
          data-testid="key-l"
        >
          <span
            class="uppercase"
          >
            l
          </span>
        </button>
        <span
          class="flex-grow-0.5 flex-shrink basis-0"
        />
      </div>
      <div
        class="flex justify-center -mx-0.5"
      >
        <button
          class="inline-flex justify-center items-center p-2 border shadow-sm rounded font-medium text-sm text-center active:shadow-inner flex-grow-1.5 flex-shrink basis-0 mx-0.5 bg-white border-violet-200 text-slate-600"
          data-testid="key-enter"
        >
          <span
            class="uppercase"
          >
            Enter
            <span
              class="sr-only"
            >
              Enter
            </span>
          </span>
        </button>
        <button
          class="inline-flex justify-center items-center p-2 border shadow-sm rounded font-medium text-sm text-center active:shadow-inner flex-grow flex-shrink basis-0 mx-0.5 bg-white border-violet-200 text-slate-600"
          data-testid="key-z"
        >
          <span
            class="uppercase"
          >
            z
          </span>
        </button>
        <button
          class="inline-flex justify-center items-center p-2 border shadow-sm rounded font-medium text-sm text-center active:shadow-inner flex-grow flex-shrink basis-0 mx-0.5 bg-white border-violet-200 text-slate-600"
          data-testid="key-x"
        >
          <span
            class="uppercase"
          >
            x
          </span>
        </button>
        <button
          class="inline-flex justify-center items-center p-2 border shadow-sm rounded font-medium text-sm text-center active:shadow-inner flex-grow flex-shrink basis-0 mx-0.5 bg-white border-violet-200 text-slate-600"
          data-testid="key-c"
        >
          <span
            class="uppercase"
          >
            c
          </span>
        </button>
        <button
          class="inline-flex justify-center items-center p-2 border shadow-sm rounded font-medium text-sm text-center active:shadow-inner flex-grow flex-shrink basis-0 mx-0.5 bg-white border-violet-200 text-slate-600"
          data-testid="key-v"
        >
          <span
            class="uppercase"
          >
            v
          </span>
        </button>
        <button
          class="inline-flex justify-center items-center p-2 border shadow-sm rounded font-medium text-sm text-center active:shadow-inner flex-grow flex-shrink basis-0 mx-0.5 bg-white border-violet-200 text-slate-600"
          data-testid="key-b"
        >
          <span
            class="uppercase"
          >
            b
          </span>
        </button>
        <button
          class="inline-flex justify-center items-center p-2 border shadow-sm rounded font-medium text-sm text-center active:shadow-inner flex-grow flex-shrink basis-0 mx-0.5 bg-white border-violet-200 text-slate-600"
          data-testid="key-n"
        >
          <span
            class="uppercase"
          >
            n
          </span>
        </button>
        <button
          class="inline-flex justify-center items-center p-2 border shadow-sm rounded font-medium text-sm text-center active:shadow-inner flex-grow flex-shrink basis-0 mx-0.5 bg-white border-violet-200 text-slate-600"
          data-testid="key-m"
        >
          <span
            class="uppercase"
          >
            m
          </span>
        </button>
        <button
          class="inline-flex justify-center items-center p-2 border shadow-sm rounded font-medium text-sm text-center active:shadow-inner flex-grow-1.5 flex-shrink basis-0 mx-0.5 bg-white border-violet-200 text-slate-600"
          data-testid="key-delete"
        >
          <span
            class="uppercase"
          >
            <svg
              aria-hidden="true"
              class="w-5 h-5"
              fill="none"
              stroke="currentColor"
              stroke-width="2"
              viewBox="0 0 24 24"
              xmlns="http://www.w3.org/2000/svg"
            >
              <path
                d="M12 14l2-2m0 0l2-2m-2 2l-2-2m2 2l2 2M3 12l6.414 6.414a2 2 0 001.414.586H19a2 2 0 002-2V7a2 2 0 00-2-2h-8.172a2 2 0 00-1.414.586L3 12z"
                stroke-linecap="round"
                stroke-linejoin="round"
              />
            </svg>
            <span
              class="sr-only"
            >
              Delete
            </span>
          </span>
        </button>
      </div>
    </div>
  </div>
</div>
`;
