// Jest Snapshot v1, https://goo.gl/fbAQLP

exports[`it should match snapshot 1`] = `
<div
  class="h-full grid auto-rows-fr gap-1"
>
  <div
    class="grid grid-cols-5 gap-1"
  >
    <span
      class="inline-flex items-center border justify-center rounded w-full h-full p-2 bg-green-500 border-green-600 text-green-50"
    >
      <span
        class="uppercase font-medium text-xl"
      >
        h
      </span>
    </span>
    <span
      class="inline-flex items-center border justify-center rounded w-full h-full p-2 bg-green-500 border-green-600 text-green-50"
    >
      <span
        class="uppercase font-medium text-xl"
      >
        e
      </span>
    </span>
    <span
      class="inline-flex items-center border justify-center rounded w-full h-full p-2 bg-slate-500 border-slate-600 text-slate-200"
    >
      <span
        class="uppercase font-medium text-xl"
      >
        l
      </span>
    </span>
    <span
      class="inline-flex items-center border justify-center rounded w-full h-full p-2 bg-slate-500 border-slate-600 text-slate-200"
    >
      <span
        class="uppercase font-medium text-xl"
      >
        l
      </span>
    </span>
    <span
      class="inline-flex items-center border justify-center rounded w-full h-full p-2 bg-yellow-500 border-yellow-600 text-yellow-900"
    >
      <span
        class="uppercase font-medium text-xl"
      >
        o
      </span>
    </span>
  </div>
  <div
    class="grid grid-cols-5 gap-1"
  >
    <span
      class="inline-flex items-center border justify-center rounded w-full h-full p-2 bg-slate-500 border-slate-600 text-slate-200"
    >
      <span
        class="uppercase font-medium text-xl"
      >
        w
      </span>
    </span>
    <span
      class="inline-flex items-center border justify-center rounded w-full h-full p-2 bg-yellow-500 border-yellow-600 text-yellow-900"
    >
      <span
        class="uppercase font-medium text-xl"
      >
        o
      </span>
    </span>
    <span
      class="inline-flex items-center border justify-center rounded w-full h-full p-2 bg-green-500 border-green-600 text-green-50"
    >
      <span
        class="uppercase font-medium text-xl"
      >
        r
      </span>
    </span>
    <span
      class="inline-flex items-center border justify-center rounded w-full h-full p-2 bg-slate-500 border-slate-600 text-slate-200"
    >
      <span
        class="uppercase font-medium text-xl"
      >
        l
      </span>
    </span>
    <span
      class="inline-flex items-center border justify-center rounded w-full h-full p-2 bg-slate-500 border-slate-600 text-slate-200"
    >
      <span
        class="uppercase font-medium text-xl"
      >
        d
      </span>
    </span>
  </div>
  <div
    class="grid grid-cols-5 gap-1"
  >
    <span
      class="inline-flex items-center border justify-center rounded w-full h-full p-2 bg-white border-violet-200 text-slate-600"
    />
    <span
      class="inline-flex items-center border justify-center rounded w-full h-full p-2 bg-white border-violet-200 text-slate-600"
    />
    <span
      class="inline-flex items-center border justify-center rounded w-full h-full p-2 bg-white border-violet-200 text-slate-600"
    />
    <span
      class="inline-flex items-center border justify-center rounded w-full h-full p-2 bg-white border-violet-200 text-slate-600"
    />
    <span
      class="inline-flex items-center border justify-center rounded w-full h-full p-2 bg-white border-violet-200 text-slate-600"
    />
  </div>
  <div
    class="grid grid-cols-5 gap-1"
  >
    <span
      class="inline-flex items-center border justify-center rounded w-full h-full p-2 bg-white border-violet-200 text-slate-600"
    />
    <span
      class="inline-flex items-center border justify-center rounded w-full h-full p-2 bg-white border-violet-200 text-slate-600"
    />
    <span
      class="inline-flex items-center border justify-center rounded w-full h-full p-2 bg-white border-violet-200 text-slate-600"
    />
    <span
      class="inline-flex items-center border justify-center rounded w-full h-full p-2 bg-white border-violet-200 text-slate-600"
    />
    <span
      class="inline-flex items-center border justify-center rounded w-full h-full p-2 bg-white border-violet-200 text-slate-600"
    />
  </div>
  <div
    class="grid grid-cols-5 gap-1"
  >
    <span
      class="inline-flex items-center border justify-center rounded w-full h-full p-2 bg-white border-violet-200 text-slate-600"
    />
    <span
      class="inline-flex items-center border justify-center rounded w-full h-full p-2 bg-white border-violet-200 text-slate-600"
    />
    <span
      class="inline-flex items-center border justify-center rounded w-full h-full p-2 bg-white border-violet-200 text-slate-600"
    />
    <span
      class="inline-flex items-center border justify-center rounded w-full h-full p-2 bg-white border-violet-200 text-slate-600"
    />
    <span
      class="inline-flex items-center border justify-center rounded w-full h-full p-2 bg-white border-violet-200 text-slate-600"
    />
  </div>
</div>
`;
